// Jest Snapshot v1, https://goo.gl/fbAQLP

exports[`iOS BpkTextInput should render correctly 1`] = `
<View
  style={
    Array [
      Object {
        "paddingTop": 18,
      },
      null,
    ]
  }
>
  <Text
    accessible={true}
    allowFontScaling={true}
    collapsable={undefined}
    disabled={false}
    ellipsizeMode="tail"
    style={
      Object {
        "color": "rgba(178, 174, 189, 1)",
        "fontFamily": "System",
        "fontSize": 15,
        "fontWeight": "400",
        "lineHeight": 20,
        "position": "absolute",
        "top": 21,
      }
    }
  >
    Name
  </Text>
  <View
    collapsable={undefined}
    style={
      Object {
        "alignItems": "center",
        "borderBottomColor": "rgba(230, 228, 235, 1)",
        "borderBottomWidth": 1,
        "flexDirection": "row",
      }
    }
  >
    <TextInput
      clearButtonMode="while-editing"
      editable={true}
      onBlur={[Function]}
      onFocus={[Function]}
      style={
        Object {
          "borderBottomWidth": 0,
          "color": "rgb(82, 76, 97)",
          "flex": 1,
          "fontSize": 15,
          "fontWeight": "400",
          "lineHeight": 20,
          "minHeight": 28,
          "paddingHorizontal": 0,
          "paddingVertical": 4,
          "textAlign": "left",
        }
      }
      underlineColorAndroid="transparent"
      value=""
    />
  </View>
</View>
`;

exports[`iOS BpkTextInput should render correctly with arbitrary props 1`] = `
<View
  style={
    Array [
      Object {
        "paddingTop": 18,
      },
      null,
    ]
  }
>
  <Text
    accessible={true}
    allowFontScaling={true}
    collapsable={undefined}
    disabled={false}
    ellipsizeMode="tail"
    style={
      Object {
        "color": "rgba(178, 174, 189, 1)",
        "fontFamily": "System",
        "fontSize": 15,
        "fontWeight": "400",
        "lineHeight": 20,
        "position": "absolute",
        "top": 21,
      }
    }
  >
    Name
  </Text>
  <View
    collapsable={undefined}
    style={
      Object {
        "alignItems": "center",
        "borderBottomColor": "rgba(230, 228, 235, 1)",
        "borderBottomWidth": 1,
        "flexDirection": "row",
      }
    }
  >
    <TextInput
      clearButtonMode="while-editing"
      editable={true}
      onBlur={[Function]}
      onFocus={[Function]}
      style={
        Object {
          "borderBottomWidth": 0,
          "color": "rgb(82, 76, 97)",
          "flex": 1,
          "fontSize": 15,
          "fontWeight": "400",
          "lineHeight": 20,
          "minHeight": 28,
          "paddingHorizontal": 0,
          "paddingVertical": 4,
          "textAlign": "left",
        }
      }
      testId="arbitrary"
      underlineColorAndroid="transparent"
      value=""
    />
  </View>
</View>
`;

exports[`iOS BpkTextInput should render correctly with custom style 1`] = `
<View
  style={
    Array [
      Object {
        "paddingTop": 18,
      },
      Object {
        "marginLeft": 10,
      },
    ]
  }
>
  <Text
    accessible={true}
    allowFontScaling={true}
    collapsable={undefined}
    disabled={false}
    ellipsizeMode="tail"
    style={
      Object {
        "color": "rgba(178, 174, 189, 1)",
        "fontFamily": "System",
        "fontSize": 15,
        "fontWeight": "400",
        "lineHeight": 20,
        "position": "absolute",
        "top": 21,
      }
    }
  >
    Name
  </Text>
  <View
    collapsable={undefined}
    style={
      Object {
        "alignItems": "center",
        "borderBottomColor": "rgba(230, 228, 235, 1)",
        "borderBottomWidth": 1,
        "flexDirection": "row",
      }
    }
  >
    <TextInput
      clearButtonMode="while-editing"
      editable={true}
      onBlur={[Function]}
      onFocus={[Function]}
      style={
        Object {
          "borderBottomWidth": 0,
          "color": "rgb(82, 76, 97)",
          "flex": 1,
          "fontSize": 15,
          "fontWeight": "400",
          "lineHeight": 20,
          "minHeight": 28,
          "paddingHorizontal": 0,
          "paddingVertical": 4,
          "textAlign": "left",
        }
      }
      underlineColorAndroid="transparent"
      value=""
    />
  </View>
</View>
`;

exports[`iOS BpkTextInput should render correctly with editable=false 1`] = `
<View
  style={
    Array [
      Object {
        "paddingTop": 18,
      },
      null,
    ]
  }
>
  <Text
    accessible={true}
    allowFontScaling={true}
    collapsable={undefined}
    disabled={false}
    ellipsizeMode="tail"
    style={
      Object {
        "color": "rgba(230, 228, 235, 1)",
        "fontFamily": "System",
        "fontSize": 15,
        "fontWeight": "400",
        "lineHeight": 20,
        "position": "absolute",
        "top": 21,
      }
    }
  >
    Name
  </Text>
  <View
    collapsable={undefined}
    style={
      Object {
        "alignItems": "center",
        "borderBottomColor": "rgba(230, 228, 235, 1)",
        "borderBottomWidth": 1,
        "flexDirection": "row",
      }
    }
  >
    <TextInput
      clearButtonMode="while-editing"
      editable={false}
      onBlur={[Function]}
      onFocus={[Function]}
      style={
        Object {
          "borderBottomWidth": 0,
          "color": "rgb(82, 76, 97)",
          "flex": 1,
          "fontSize": 15,
          "fontWeight": "400",
          "lineHeight": 20,
          "minHeight": 28,
          "paddingHorizontal": 0,
          "paddingVertical": 4,
          "textAlign": "left",
        }
      }
      underlineColorAndroid="transparent"
      value=""
    />
  </View>
</View>
`;

exports[`iOS BpkTextInput should render correctly with inputRef set 1`] = `
<View
  style={
    Array [
      Object {
        "paddingTop": 18,
      },
      null,
    ]
  }
>
  <Text
    accessible={true}
    allowFontScaling={true}
    collapsable={undefined}
    disabled={false}
    ellipsizeMode="tail"
    style={
      Object {
        "color": "rgba(178, 174, 189, 1)",
        "fontFamily": "System",
        "fontSize": 15,
        "fontWeight": "400",
        "lineHeight": 20,
        "position": "absolute",
        "top": 21,
      }
    }
  >
    Name
  </Text>
  <View
    collapsable={undefined}
    style={
      Object {
        "alignItems": "center",
        "borderBottomColor": "rgba(230, 228, 235, 1)",
        "borderBottomWidth": 1,
        "flexDirection": "row",
      }
    }
  >
    <TextInput
      clearButtonMode="while-editing"
      editable={true}
      onBlur={[Function]}
      onFocus={[Function]}
      style={
        Object {
          "borderBottomWidth": 0,
          "color": "rgb(82, 76, 97)",
          "flex": 1,
          "fontSize": 15,
          "fontWeight": "400",
          "lineHeight": 20,
          "minHeight": 28,
          "paddingHorizontal": 0,
          "paddingVertical": 4,
          "textAlign": "left",
        }
      }
      underlineColorAndroid="transparent"
      value=""
    />
  </View>
</View>
`;

exports[`iOS BpkTextInput should render correctly with valid 1`] = `
<View
  style={
    Array [
      Object {
        "paddingTop": 18,
      },
      null,
    ]
  }
>
  <Text
    accessible={true}
    allowFontScaling={true}
    collapsable={undefined}
    disabled={false}
    ellipsizeMode="tail"
    style={
      Object {
        "color": "rgba(178, 174, 189, 1)",
        "fontFamily": "System",
        "fontSize": 15,
        "fontWeight": "400",
        "lineHeight": 20,
        "position": "absolute",
        "top": 21,
      }
    }
  >
    Name
  </Text>
  <View
    collapsable={undefined}
    style={
      Object {
        "alignItems": "center",
        "borderBottomColor": "rgba(230, 228, 235, 1)",
        "borderBottomWidth": 1,
        "flexDirection": "row",
      }
    }
  >
    <TextInput
      clearButtonMode="while-editing"
      editable={true}
      onBlur={[Function]}
      onFocus={[Function]}
      style={
        Object {
          "borderBottomWidth": 0,
          "color": "rgb(82, 76, 97)",
          "flex": 1,
          "fontSize": 15,
          "fontWeight": "400",
          "lineHeight": 20,
          "minHeight": 28,
          "paddingHorizontal": 0,
          "paddingVertical": 4,
          "textAlign": "left",
        }
      }
      underlineColorAndroid="transparent"
      value=""
    />
    <Text
      accessible={true}
      allowFontScaling={true}
      disabled={false}
      ellipsizeMode="tail"
      style={
        Array [
          Object {
            "color": "rgb(82, 76, 97)",
            "fontFamily": "BpkIcon",
            "fontSize": 24,
            "lineHeight": 24,
          },
          Object {
            "fontSize": 16,
            "lineHeight": 16,
          },
          Array [
            Object {
              "position": "absolute",
              "right": 6,
            },
            Object {
              "color": "rgb(0, 215, 117)",
            },
          ],
        ]
      }
    >
      Ó™ê
    </Text>
  </View>
</View>
`;

exports[`iOS BpkTextInput should render correctly with valid false 1`] = `
<View
  style={
    Array [
      Object {
        "paddingTop": 18,
      },
      null,
    ]
  }
>
  <Text
    accessible={true}
    allowFontScaling={true}
    collapsable={undefined}
    disabled={false}
    ellipsizeMode="tail"
    style={
      Object {
        "color": "rgba(178, 174, 189, 1)",
        "fontFamily": "System",
        "fontSize": 15,
        "fontWeight": "400",
        "lineHeight": 20,
        "position": "absolute",
        "top": 21,
      }
    }
  >
    Name
  </Text>
  <View
    collapsable={undefined}
    style={
      Object {
        "alignItems": "center",
        "borderBottomColor": "rgba(255, 84, 82, 1)",
        "borderBottomWidth": 1,
        "flexDirection": "row",
      }
    }
  >
    <TextInput
      clearButtonMode="while-editing"
      editable={true}
      onBlur={[Function]}
      onFocus={[Function]}
      style={
        Object {
          "borderBottomWidth": 0,
          "color": "rgb(82, 76, 97)",
          "flex": 1,
          "fontSize": 15,
          "fontWeight": "400",
          "lineHeight": 20,
          "minHeight": 28,
          "paddingHorizontal": 0,
          "paddingVertical": 4,
          "textAlign": "left",
        }
      }
      underlineColorAndroid="transparent"
      value=""
    />
    <Text
      accessible={true}
      allowFontScaling={true}
      disabled={false}
      ellipsizeMode="tail"
      style={
        Array [
          Object {
            "color": "rgb(82, 76, 97)",
            "fontFamily": "BpkIcon",
            "fontSize": 24,
            "lineHeight": 24,
          },
          Object {
            "fontSize": 16,
            "lineHeight": 16,
          },
          Array [
            Object {
              "position": "absolute",
              "right": 6,
            },
            Object {
              "color": "rgb(255, 84, 82)",
            },
          ],
        ]
      }
    >
      Ó®º
    </Text>
  </View>
</View>
`;

exports[`iOS BpkTextInput should render correctly with valid false and a validation message 1`] = `
<View
  style={
    Array [
      Object {
        "paddingTop": 18,
      },
      null,
    ]
  }
>
  <Text
    accessible={true}
    allowFontScaling={true}
    collapsable={undefined}
    disabled={false}
    ellipsizeMode="tail"
    style={
      Object {
        "color": "rgba(178, 174, 189, 1)",
        "fontFamily": "System",
        "fontSize": 15,
        "fontWeight": "400",
        "lineHeight": 20,
        "position": "absolute",
        "top": 21,
      }
    }
  >
    Name
  </Text>
  <View
    collapsable={undefined}
    style={
      Object {
        "alignItems": "center",
        "borderBottomColor": "rgba(255, 84, 82, 1)",
        "borderBottomWidth": 1,
        "flexDirection": "row",
      }
    }
  >
    <TextInput
      clearButtonMode="while-editing"
      editable={true}
      onBlur={[Function]}
      onFocus={[Function]}
      style={
        Object {
          "borderBottomWidth": 0,
          "color": "rgb(82, 76, 97)",
          "flex": 1,
          "fontSize": 15,
          "fontWeight": "400",
          "lineHeight": 20,
          "minHeight": 28,
          "paddingHorizontal": 0,
          "paddingVertical": 4,
          "textAlign": "left",
        }
      }
      underlineColorAndroid="transparent"
      value=""
    />
    <Text
      accessible={true}
      allowFontScaling={true}
      disabled={false}
      ellipsizeMode="tail"
      style={
        Array [
          Object {
            "color": "rgb(82, 76, 97)",
            "fontFamily": "BpkIcon",
            "fontSize": 24,
            "lineHeight": 24,
          },
          Object {
            "fontSize": 16,
            "lineHeight": 16,
          },
          Array [
            Object {
              "position": "absolute",
              "right": 6,
            },
            Object {
              "color": "rgb(255, 84, 82)",
            },
          ],
        ]
      }
    >
      Ó®º
    </Text>
  </View>
  <Text
    accessible={true}
    allowFontScaling={true}
    disabled={false}
    ellipsizeMode="tail"
    style={
      Array [
        Object {
          "color": "rgb(82, 76, 97)",
          "fontFamily": "System",
          "fontSize": 11,
          "fontWeight": "400",
          "lineHeight": 13,
        },
        Object {
          "color": "rgb(255, 84, 82)",
          "paddingTop": 4,
        },
      ]
    }
  >
    Nope
  </Text>
</View>
`;

exports[`iOS BpkTextInput should render correctly with value 1`] = `
<View
  style={
    Array [
      Object {
        "paddingTop": 18,
      },
      null,
    ]
  }
>
  <Text
    accessible={true}
    allowFontScaling={true}
    collapsable={undefined}
    disabled={false}
    ellipsizeMode="tail"
    style={
      Object {
        "color": "rgba(129, 123, 143, 1)",
        "fontFamily": "System",
        "fontSize": 13,
        "fontWeight": "400",
        "lineHeight": 18,
        "position": "absolute",
        "top": 0,
      }
    }
  >
    Name
  </Text>
  <View
    collapsable={undefined}
    style={
      Object {
        "alignItems": "center",
        "borderBottomColor": "rgba(230, 228, 235, 1)",
        "borderBottomWidth": 1,
        "flexDirection": "row",
      }
    }
  >
    <TextInput
      clearButtonMode="while-editing"
      editable={true}
      onBlur={[Function]}
      onFocus={[Function]}
      style={
        Object {
          "borderBottomWidth": 0,
          "color": "rgb(82, 76, 97)",
          "flex": 1,
          "fontSize": 15,
          "fontWeight": "400",
          "lineHeight": 20,
          "minHeight": 28,
          "paddingHorizontal": 0,
          "paddingVertical": 4,
          "textAlign": "left",
        }
      }
      underlineColorAndroid="transparent"
      value="Joe"
    />
  </View>
</View>
`;
