exports[`BpkCalendar should render correctly 1`] = `
<div
  className="bpk-calendar-grid-transition">
  <div
    className="bpk-calendar-grid-transition__strip"
    onTransitionEnd={[Function]}
    style={
      Object {
        "MozTransform": "translateX(-294px)",
        "WebkitTransform": "translateX(-294px)",
        "display": "block",
        "msTransform": "translateX(-294px)",
        "transform": "translateX(-294px)",
      }
    }>
    <div>
      {\"month\":\"2010-01-01T00:00:00.000Z\",\"dateModifiers\":{},\"preventKeyboardFocus\":true,\"isKeyboardFocusable\":false,\"focusedDate\":null,\"aria-hidden\":true}
    </div>
    <div>
      {\"month\":\"2010-02-01T00:00:00.000Z\",\"isKeyboardFocusable\":true,\"focusedDate\":null,\"aria-hidden\":false}
    </div>
    <div>
      {\"month\":\"2010-03-01T00:00:00.000Z\",\"dateModifiers\":{},\"preventKeyboardFocus\":true,\"isKeyboardFocusable\":false,\"focusedDate\":null,\"aria-hidden\":true}
    </div>
  </div>
</div>
`;
