// Jest Snapshot v1, https://goo.gl/fbAQLP

exports[`Android BpkNudger should disable theming if the required attribute is omitted 1`] = `
<View
  style={
    Array [
      Object {
        "alignItems": "center",
        "flexDirection": "row",
      },
      null,
    ]
  }
>
  <View
    style={
      Array [
        Array [
          undefined,
          undefined,
        ],
        Object {
          "marginRight": 4,
        },
      ]
    }
  >
    <View
      accessibilityComponentType="button"
      accessibilityLabel="Decrease"
      accessibilityTraits={
        Array [
          "button",
        ]
      }
      accessible={true}
      hasTVPreferredFocus={undefined}
      hitSlop={undefined}
      isTVSelectable={true}
      nativeBackgroundAndroid={
        Object {
          "attribute": "selectableItemBackgroundBorderless",
          "type": "ThemeAttrAndroid",
        }
      }
      onLayout={undefined}
      onResponderGrant={[Function]}
      onResponderMove={[Function]}
      onResponderRelease={[Function]}
      onResponderTerminate={[Function]}
      onResponderTerminationRequest={[Function]}
      onStartShouldSetResponder={[Function]}
      style={
        Array [
          Array [
            Object {
              "alignItems": "center",
              "borderColor": "transparent",
              "borderRadius": 40,
              "borderWidth": 2,
              "flexDirection": "row",
              "justifyContent": "center",
              "paddingHorizontal": 10,
              "paddingVertical": 6,
            },
            Object {
              "borderColor": "rgb(230, 228, 235)",
            },
            Object {
              "paddingHorizontal": 6,
              "paddingVertical": 6,
            },
          ],
          Object {
            "backgroundColor": "transparent",
          },
          Array [
            undefined,
            undefined,
          ],
        ]
      }
      testID={undefined}
    >
      <Text
        accessible={true}
        allowFontScaling={false}
        ellipsizeMode="tail"
        style={
          Array [
            Object {
              "color": "rgb(82, 76, 97)",
              "fontFamily": "BpkIcon",
              "fontSize": 24,
              "includeFontPadding": false,
            },
            Object {
              "fontSize": 16,
            },
            Array [
              Array [
                Object {
                  "color": "rgb(255, 255, 255)",
                },
                Object {
                  "color": "rgb(0, 178, 214)",
                },
                undefined,
              ],
              Object {},
              Array [
                Object {
                  "marginStart": 4,
                },
                Object {
                  "marginStart": 0,
                },
              ],
            ],
          ]
        }
      >
        
      </Text>
    </View>
  </View>
  <Text
    accessible={true}
    allowFontScaling={true}
    ellipsizeMode="tail"
    style={
      Array [
        Object {
          "color": "rgb(82, 76, 97)",
          "fontFamily": "sans-serif",
          "fontSize": 20,
          "fontWeight": "400",
        },
        Object {
          "fontFamily": "sans-serif-medium",
        },
        Object {
          "minWidth": 24,
          "textAlign": "center",
        },
      ]
    }
  >
    3
  </Text>
  <View
    style={
      Array [
        Array [
          undefined,
          undefined,
        ],
        Object {
          "marginLeft": 4,
        },
      ]
    }
  >
    <View
      accessibilityComponentType="button"
      accessibilityLabel="Increase"
      accessibilityTraits={
        Array [
          "button",
        ]
      }
      accessible={true}
      hasTVPreferredFocus={undefined}
      hitSlop={undefined}
      isTVSelectable={true}
      nativeBackgroundAndroid={
        Object {
          "attribute": "selectableItemBackgroundBorderless",
          "type": "ThemeAttrAndroid",
        }
      }
      onLayout={undefined}
      onResponderGrant={[Function]}
      onResponderMove={[Function]}
      onResponderRelease={[Function]}
      onResponderTerminate={[Function]}
      onResponderTerminationRequest={[Function]}
      onStartShouldSetResponder={[Function]}
      style={
        Array [
          Array [
            Object {
              "alignItems": "center",
              "borderColor": "transparent",
              "borderRadius": 40,
              "borderWidth": 2,
              "flexDirection": "row",
              "justifyContent": "center",
              "paddingHorizontal": 10,
              "paddingVertical": 6,
            },
            Object {
              "borderColor": "rgb(230, 228, 235)",
            },
            Object {
              "paddingHorizontal": 6,
              "paddingVertical": 6,
            },
          ],
          Object {
            "backgroundColor": "transparent",
          },
          Array [
            undefined,
            undefined,
          ],
        ]
      }
      testID={undefined}
    >
      <Text
        accessible={true}
        allowFontScaling={false}
        ellipsizeMode="tail"
        style={
          Array [
            Object {
              "color": "rgb(82, 76, 97)",
              "fontFamily": "BpkIcon",
              "fontSize": 24,
              "includeFontPadding": false,
            },
            Object {
              "fontSize": 16,
            },
            Array [
              Array [
                Object {
                  "color": "rgb(255, 255, 255)",
                },
                Object {
                  "color": "rgb(0, 178, 214)",
                },
                undefined,
              ],
              Object {},
              Array [
                Object {
                  "marginStart": 4,
                },
                Object {
                  "marginStart": 0,
                },
              ],
            ],
          ]
        }
      >
        
      </Text>
    </View>
  </View>
</View>
`;

exports[`Android BpkNudger should render correctly 1`] = `
<View
  style={
    Array [
      Object {
        "alignItems": "center",
        "flexDirection": "row",
      },
      null,
    ]
  }
>
  <View
    style={
      Array [
        Array [
          undefined,
          undefined,
        ],
        Object {
          "marginRight": 4,
        },
      ]
    }
  >
    <View
      accessibilityComponentType="button"
      accessibilityLabel="Decrease"
      accessibilityTraits={
        Array [
          "button",
        ]
      }
      accessible={true}
      hasTVPreferredFocus={undefined}
      hitSlop={undefined}
      isTVSelectable={true}
      nativeBackgroundAndroid={
        Object {
          "attribute": "selectableItemBackgroundBorderless",
          "type": "ThemeAttrAndroid",
        }
      }
      onLayout={undefined}
      onResponderGrant={[Function]}
      onResponderMove={[Function]}
      onResponderRelease={[Function]}
      onResponderTerminate={[Function]}
      onResponderTerminationRequest={[Function]}
      onStartShouldSetResponder={[Function]}
      style={
        Array [
          Array [
            Object {
              "alignItems": "center",
              "borderColor": "transparent",
              "borderRadius": 40,
              "borderWidth": 2,
              "flexDirection": "row",
              "justifyContent": "center",
              "paddingHorizontal": 10,
              "paddingVertical": 6,
            },
            Object {
              "borderColor": "rgb(230, 228, 235)",
            },
            Object {
              "paddingHorizontal": 6,
              "paddingVertical": 6,
            },
          ],
          Object {
            "backgroundColor": "transparent",
          },
          Array [
            undefined,
            undefined,
          ],
        ]
      }
      testID={undefined}
    >
      <Text
        accessible={true}
        allowFontScaling={false}
        ellipsizeMode="tail"
        style={
          Array [
            Object {
              "color": "rgb(82, 76, 97)",
              "fontFamily": "BpkIcon",
              "fontSize": 24,
              "includeFontPadding": false,
            },
            Object {
              "fontSize": 16,
            },
            Array [
              Array [
                Object {
                  "color": "rgb(255, 255, 255)",
                },
                Object {
                  "color": "rgb(0, 178, 214)",
                },
                undefined,
              ],
              Object {},
              Array [
                Object {
                  "marginStart": 4,
                },
                Object {
                  "marginStart": 0,
                },
              ],
            ],
          ]
        }
      >
        
      </Text>
    </View>
  </View>
  <Text
    accessible={true}
    allowFontScaling={true}
    ellipsizeMode="tail"
    style={
      Array [
        Object {
          "color": "rgb(82, 76, 97)",
          "fontFamily": "sans-serif",
          "fontSize": 20,
          "fontWeight": "400",
        },
        Object {
          "fontFamily": "sans-serif-medium",
        },
        Object {
          "minWidth": 24,
          "textAlign": "center",
        },
      ]
    }
  >
    3
  </Text>
  <View
    style={
      Array [
        Array [
          undefined,
          undefined,
        ],
        Object {
          "marginLeft": 4,
        },
      ]
    }
  >
    <View
      accessibilityComponentType="button"
      accessibilityLabel="Increase"
      accessibilityTraits={
        Array [
          "button",
        ]
      }
      accessible={true}
      hasTVPreferredFocus={undefined}
      hitSlop={undefined}
      isTVSelectable={true}
      nativeBackgroundAndroid={
        Object {
          "attribute": "selectableItemBackgroundBorderless",
          "type": "ThemeAttrAndroid",
        }
      }
      onLayout={undefined}
      onResponderGrant={[Function]}
      onResponderMove={[Function]}
      onResponderRelease={[Function]}
      onResponderTerminate={[Function]}
      onResponderTerminationRequest={[Function]}
      onStartShouldSetResponder={[Function]}
      style={
        Array [
          Array [
            Object {
              "alignItems": "center",
              "borderColor": "transparent",
              "borderRadius": 40,
              "borderWidth": 2,
              "flexDirection": "row",
              "justifyContent": "center",
              "paddingHorizontal": 10,
              "paddingVertical": 6,
            },
            Object {
              "borderColor": "rgb(230, 228, 235)",
            },
            Object {
              "paddingHorizontal": 6,
              "paddingVertical": 6,
            },
          ],
          Object {
            "backgroundColor": "transparent",
          },
          Array [
            undefined,
            undefined,
          ],
        ]
      }
      testID={undefined}
    >
      <Text
        accessible={true}
        allowFontScaling={false}
        ellipsizeMode="tail"
        style={
          Array [
            Object {
              "color": "rgb(82, 76, 97)",
              "fontFamily": "BpkIcon",
              "fontSize": 24,
              "includeFontPadding": false,
            },
            Object {
              "fontSize": 16,
            },
            Array [
              Array [
                Object {
                  "color": "rgb(255, 255, 255)",
                },
                Object {
                  "color": "rgb(0, 178, 214)",
                },
                undefined,
              ],
              Object {},
              Array [
                Object {
                  "marginStart": 4,
                },
                Object {
                  "marginStart": 0,
                },
              ],
            ],
          ]
        }
      >
        
      </Text>
    </View>
  </View>
</View>
`;

exports[`Android BpkNudger should render correctly when value is a not an integer 1`] = `
<View
  style={
    Array [
      Object {
        "alignItems": "center",
        "flexDirection": "row",
      },
      null,
    ]
  }
>
  <View
    style={
      Array [
        Array [
          undefined,
          undefined,
          undefined,
        ],
        Object {
          "marginRight": 4,
        },
      ]
    }
  >
    <View
      accessibilityComponentType="button"
      accessibilityLabel="Decrease"
      accessibilityTraits={
        Array [
          "button",
          "disabled",
        ]
      }
      accessible={true}
      hasTVPreferredFocus={undefined}
      hitSlop={undefined}
      isTVSelectable={true}
      nativeBackgroundAndroid={
        Object {
          "attribute": "selectableItemBackgroundBorderless",
          "type": "ThemeAttrAndroid",
        }
      }
      onLayout={undefined}
      onResponderGrant={[Function]}
      onResponderMove={[Function]}
      onResponderRelease={[Function]}
      onResponderTerminate={[Function]}
      onResponderTerminationRequest={[Function]}
      onStartShouldSetResponder={[Function]}
      style={
        Array [
          Array [
            Object {
              "alignItems": "center",
              "borderColor": "transparent",
              "borderRadius": 40,
              "borderWidth": 2,
              "flexDirection": "row",
              "justifyContent": "center",
              "paddingHorizontal": 10,
              "paddingVertical": 6,
            },
            Object {
              "borderColor": "rgb(230, 228, 235)",
            },
            undefined,
            Object {
              "paddingHorizontal": 6,
              "paddingVertical": 6,
            },
          ],
          Object {
            "backgroundColor": "rgb(230, 228, 235)",
          },
          Array [
            undefined,
            undefined,
            undefined,
          ],
        ]
      }
      testID={undefined}
    >
      <Text
        accessible={true}
        allowFontScaling={false}
        ellipsizeMode="tail"
        style={
          Array [
            Object {
              "color": "rgb(82, 76, 97)",
              "fontFamily": "BpkIcon",
              "fontSize": 24,
              "includeFontPadding": false,
            },
            Object {
              "fontSize": 16,
            },
            Array [
              Array [
                Object {
                  "color": "rgb(255, 255, 255)",
                },
                Object {
                  "color": "rgb(0, 178, 214)",
                },
                Object {
                  "color": "rgb(178, 174, 189)",
                },
                undefined,
              ],
              Object {},
              Array [
                Object {
                  "marginStart": 4,
                },
                undefined,
                Object {
                  "marginStart": 0,
                },
              ],
            ],
          ]
        }
      >
        
      </Text>
    </View>
  </View>
  <Text
    accessible={true}
    allowFontScaling={true}
    ellipsizeMode="tail"
    style={
      Array [
        Object {
          "color": "rgb(82, 76, 97)",
          "fontFamily": "sans-serif",
          "fontSize": 20,
          "fontWeight": "400",
        },
        Object {
          "fontFamily": "sans-serif-medium",
        },
        Object {
          "minWidth": 24,
          "textAlign": "center",
        },
      ]
    }
  >
    1
  </Text>
  <View
    style={
      Array [
        Array [
          undefined,
          undefined,
        ],
        Object {
          "marginLeft": 4,
        },
      ]
    }
  >
    <View
      accessibilityComponentType="button"
      accessibilityLabel="Increase"
      accessibilityTraits={
        Array [
          "button",
        ]
      }
      accessible={true}
      hasTVPreferredFocus={undefined}
      hitSlop={undefined}
      isTVSelectable={true}
      nativeBackgroundAndroid={
        Object {
          "attribute": "selectableItemBackgroundBorderless",
          "type": "ThemeAttrAndroid",
        }
      }
      onLayout={undefined}
      onResponderGrant={[Function]}
      onResponderMove={[Function]}
      onResponderRelease={[Function]}
      onResponderTerminate={[Function]}
      onResponderTerminationRequest={[Function]}
      onStartShouldSetResponder={[Function]}
      style={
        Array [
          Array [
            Object {
              "alignItems": "center",
              "borderColor": "transparent",
              "borderRadius": 40,
              "borderWidth": 2,
              "flexDirection": "row",
              "justifyContent": "center",
              "paddingHorizontal": 10,
              "paddingVertical": 6,
            },
            Object {
              "borderColor": "rgb(230, 228, 235)",
            },
            Object {
              "paddingHorizontal": 6,
              "paddingVertical": 6,
            },
          ],
          Object {
            "backgroundColor": "transparent",
          },
          Array [
            undefined,
            undefined,
          ],
        ]
      }
      testID={undefined}
    >
      <Text
        accessible={true}
        allowFontScaling={false}
        ellipsizeMode="tail"
        style={
          Array [
            Object {
              "color": "rgb(82, 76, 97)",
              "fontFamily": "BpkIcon",
              "fontSize": 24,
              "includeFontPadding": false,
            },
            Object {
              "fontSize": 16,
            },
            Array [
              Array [
                Object {
                  "color": "rgb(255, 255, 255)",
                },
                Object {
                  "color": "rgb(0, 178, 214)",
                },
                undefined,
              ],
              Object {},
              Array [
                Object {
                  "marginStart": 4,
                },
                Object {
                  "marginStart": 0,
                },
              ],
            ],
          ]
        }
      >
        
      </Text>
    </View>
  </View>
</View>
`;

exports[`Android BpkNudger should render correctly when value is greater than max 1`] = `
<View
  style={
    Array [
      Object {
        "alignItems": "center",
        "flexDirection": "row",
      },
      null,
    ]
  }
>
  <View
    style={
      Array [
        Array [
          undefined,
          undefined,
        ],
        Object {
          "marginRight": 4,
        },
      ]
    }
  >
    <View
      accessibilityComponentType="button"
      accessibilityLabel="Decrease"
      accessibilityTraits={
        Array [
          "button",
        ]
      }
      accessible={true}
      hasTVPreferredFocus={undefined}
      hitSlop={undefined}
      isTVSelectable={true}
      nativeBackgroundAndroid={
        Object {
          "attribute": "selectableItemBackgroundBorderless",
          "type": "ThemeAttrAndroid",
        }
      }
      onLayout={undefined}
      onResponderGrant={[Function]}
      onResponderMove={[Function]}
      onResponderRelease={[Function]}
      onResponderTerminate={[Function]}
      onResponderTerminationRequest={[Function]}
      onStartShouldSetResponder={[Function]}
      style={
        Array [
          Array [
            Object {
              "alignItems": "center",
              "borderColor": "transparent",
              "borderRadius": 40,
              "borderWidth": 2,
              "flexDirection": "row",
              "justifyContent": "center",
              "paddingHorizontal": 10,
              "paddingVertical": 6,
            },
            Object {
              "borderColor": "rgb(230, 228, 235)",
            },
            Object {
              "paddingHorizontal": 6,
              "paddingVertical": 6,
            },
          ],
          Object {
            "backgroundColor": "transparent",
          },
          Array [
            undefined,
            undefined,
          ],
        ]
      }
      testID={undefined}
    >
      <Text
        accessible={true}
        allowFontScaling={false}
        ellipsizeMode="tail"
        style={
          Array [
            Object {
              "color": "rgb(82, 76, 97)",
              "fontFamily": "BpkIcon",
              "fontSize": 24,
              "includeFontPadding": false,
            },
            Object {
              "fontSize": 16,
            },
            Array [
              Array [
                Object {
                  "color": "rgb(255, 255, 255)",
                },
                Object {
                  "color": "rgb(0, 178, 214)",
                },
                undefined,
              ],
              Object {},
              Array [
                Object {
                  "marginStart": 4,
                },
                Object {
                  "marginStart": 0,
                },
              ],
            ],
          ]
        }
      >
        
      </Text>
    </View>
  </View>
  <Text
    accessible={true}
    allowFontScaling={true}
    ellipsizeMode="tail"
    style={
      Array [
        Object {
          "color": "rgb(82, 76, 97)",
          "fontFamily": "sans-serif",
          "fontSize": 20,
          "fontWeight": "400",
        },
        Object {
          "fontFamily": "sans-serif-medium",
        },
        Object {
          "minWidth": 24,
          "textAlign": "center",
        },
      ]
    }
  >
    3
  </Text>
  <View
    style={
      Array [
        Array [
          undefined,
          undefined,
          undefined,
        ],
        Object {
          "marginLeft": 4,
        },
      ]
    }
  >
    <View
      accessibilityComponentType="button"
      accessibilityLabel="Increase"
      accessibilityTraits={
        Array [
          "button",
          "disabled",
        ]
      }
      accessible={true}
      hasTVPreferredFocus={undefined}
      hitSlop={undefined}
      isTVSelectable={true}
      nativeBackgroundAndroid={
        Object {
          "attribute": "selectableItemBackgroundBorderless",
          "type": "ThemeAttrAndroid",
        }
      }
      onLayout={undefined}
      onResponderGrant={[Function]}
      onResponderMove={[Function]}
      onResponderRelease={[Function]}
      onResponderTerminate={[Function]}
      onResponderTerminationRequest={[Function]}
      onStartShouldSetResponder={[Function]}
      style={
        Array [
          Array [
            Object {
              "alignItems": "center",
              "borderColor": "transparent",
              "borderRadius": 40,
              "borderWidth": 2,
              "flexDirection": "row",
              "justifyContent": "center",
              "paddingHorizontal": 10,
              "paddingVertical": 6,
            },
            Object {
              "borderColor": "rgb(230, 228, 235)",
            },
            undefined,
            Object {
              "paddingHorizontal": 6,
              "paddingVertical": 6,
            },
          ],
          Object {
            "backgroundColor": "rgb(230, 228, 235)",
          },
          Array [
            undefined,
            undefined,
            undefined,
          ],
        ]
      }
      testID={undefined}
    >
      <Text
        accessible={true}
        allowFontScaling={false}
        ellipsizeMode="tail"
        style={
          Array [
            Object {
              "color": "rgb(82, 76, 97)",
              "fontFamily": "BpkIcon",
              "fontSize": 24,
              "includeFontPadding": false,
            },
            Object {
              "fontSize": 16,
            },
            Array [
              Array [
                Object {
                  "color": "rgb(255, 255, 255)",
                },
                Object {
                  "color": "rgb(0, 178, 214)",
                },
                Object {
                  "color": "rgb(178, 174, 189)",
                },
                undefined,
              ],
              Object {},
              Array [
                Object {
                  "marginStart": 4,
                },
                undefined,
                Object {
                  "marginStart": 0,
                },
              ],
            ],
          ]
        }
      >
        
      </Text>
    </View>
  </View>
</View>
`;

exports[`Android BpkNudger should render correctly when value is less than min 1`] = `
<View
  style={
    Array [
      Object {
        "alignItems": "center",
        "flexDirection": "row",
      },
      null,
    ]
  }
>
  <View
    style={
      Array [
        Array [
          undefined,
          undefined,
          undefined,
        ],
        Object {
          "marginRight": 4,
        },
      ]
    }
  >
    <View
      accessibilityComponentType="button"
      accessibilityLabel="Decrease"
      accessibilityTraits={
        Array [
          "button",
          "disabled",
        ]
      }
      accessible={true}
      hasTVPreferredFocus={undefined}
      hitSlop={undefined}
      isTVSelectable={true}
      nativeBackgroundAndroid={
        Object {
          "attribute": "selectableItemBackgroundBorderless",
          "type": "ThemeAttrAndroid",
        }
      }
      onLayout={undefined}
      onResponderGrant={[Function]}
      onResponderMove={[Function]}
      onResponderRelease={[Function]}
      onResponderTerminate={[Function]}
      onResponderTerminationRequest={[Function]}
      onStartShouldSetResponder={[Function]}
      style={
        Array [
          Array [
            Object {
              "alignItems": "center",
              "borderColor": "transparent",
              "borderRadius": 40,
              "borderWidth": 2,
              "flexDirection": "row",
              "justifyContent": "center",
              "paddingHorizontal": 10,
              "paddingVertical": 6,
            },
            Object {
              "borderColor": "rgb(230, 228, 235)",
            },
            undefined,
            Object {
              "paddingHorizontal": 6,
              "paddingVertical": 6,
            },
          ],
          Object {
            "backgroundColor": "rgb(230, 228, 235)",
          },
          Array [
            undefined,
            undefined,
            undefined,
          ],
        ]
      }
      testID={undefined}
    >
      <Text
        accessible={true}
        allowFontScaling={false}
        ellipsizeMode="tail"
        style={
          Array [
            Object {
              "color": "rgb(82, 76, 97)",
              "fontFamily": "BpkIcon",
              "fontSize": 24,
              "includeFontPadding": false,
            },
            Object {
              "fontSize": 16,
            },
            Array [
              Array [
                Object {
                  "color": "rgb(255, 255, 255)",
                },
                Object {
                  "color": "rgb(0, 178, 214)",
                },
                Object {
                  "color": "rgb(178, 174, 189)",
                },
                undefined,
              ],
              Object {},
              Array [
                Object {
                  "marginStart": 4,
                },
                undefined,
                Object {
                  "marginStart": 0,
                },
              ],
            ],
          ]
        }
      >
        
      </Text>
    </View>
  </View>
  <Text
    accessible={true}
    allowFontScaling={true}
    ellipsizeMode="tail"
    style={
      Array [
        Object {
          "color": "rgb(82, 76, 97)",
          "fontFamily": "sans-serif",
          "fontSize": 20,
          "fontWeight": "400",
        },
        Object {
          "fontFamily": "sans-serif-medium",
        },
        Object {
          "minWidth": 24,
          "textAlign": "center",
        },
      ]
    }
  >
    3
  </Text>
  <View
    style={
      Array [
        Array [
          undefined,
          undefined,
        ],
        Object {
          "marginLeft": 4,
        },
      ]
    }
  >
    <View
      accessibilityComponentType="button"
      accessibilityLabel="Increase"
      accessibilityTraits={
        Array [
          "button",
        ]
      }
      accessible={true}
      hasTVPreferredFocus={undefined}
      hitSlop={undefined}
      isTVSelectable={true}
      nativeBackgroundAndroid={
        Object {
          "attribute": "selectableItemBackgroundBorderless",
          "type": "ThemeAttrAndroid",
        }
      }
      onLayout={undefined}
      onResponderGrant={[Function]}
      onResponderMove={[Function]}
      onResponderRelease={[Function]}
      onResponderTerminate={[Function]}
      onResponderTerminationRequest={[Function]}
      onStartShouldSetResponder={[Function]}
      style={
        Array [
          Array [
            Object {
              "alignItems": "center",
              "borderColor": "transparent",
              "borderRadius": 40,
              "borderWidth": 2,
              "flexDirection": "row",
              "justifyContent": "center",
              "paddingHorizontal": 10,
              "paddingVertical": 6,
            },
            Object {
              "borderColor": "rgb(230, 228, 235)",
            },
            Object {
              "paddingHorizontal": 6,
              "paddingVertical": 6,
            },
          ],
          Object {
            "backgroundColor": "transparent",
          },
          Array [
            undefined,
            undefined,
          ],
        ]
      }
      testID={undefined}
    >
      <Text
        accessible={true}
        allowFontScaling={false}
        ellipsizeMode="tail"
        style={
          Array [
            Object {
              "color": "rgb(82, 76, 97)",
              "fontFamily": "BpkIcon",
              "fontSize": 24,
              "includeFontPadding": false,
            },
            Object {
              "fontSize": 16,
            },
            Array [
              Array [
                Object {
                  "color": "rgb(255, 255, 255)",
                },
                Object {
                  "color": "rgb(0, 178, 214)",
                },
                undefined,
              ],
              Object {},
              Array [
                Object {
                  "marginStart": 4,
                },
                Object {
                  "marginStart": 0,
                },
              ],
            ],
          ]
        }
      >
        
      </Text>
    </View>
  </View>
</View>
`;

exports[`Android BpkNudger should support theming 1`] = `
<View
  style={
    Array [
      Object {
        "alignItems": "center",
        "flexDirection": "row",
      },
      null,
    ]
  }
>
  <View
    style={
      Array [
        Array [
          undefined,
          undefined,
        ],
        Object {
          "marginRight": 4,
        },
      ]
    }
  >
    <View
      accessibilityComponentType="button"
      accessibilityLabel="Decrease"
      accessibilityTraits={
        Array [
          "button",
        ]
      }
      accessible={true}
      hasTVPreferredFocus={undefined}
      hitSlop={undefined}
      isTVSelectable={true}
      nativeBackgroundAndroid={
        Object {
          "attribute": "selectableItemBackgroundBorderless",
          "type": "ThemeAttrAndroid",
        }
      }
      onLayout={undefined}
      onResponderGrant={[Function]}
      onResponderMove={[Function]}
      onResponderRelease={[Function]}
      onResponderTerminate={[Function]}
      onResponderTerminationRequest={[Function]}
      onStartShouldSetResponder={[Function]}
      style={
        Array [
          Array [
            Object {
              "alignItems": "center",
              "borderColor": "transparent",
              "borderRadius": 40,
              "borderWidth": 2,
              "flexDirection": "row",
              "justifyContent": "center",
              "paddingHorizontal": 10,
              "paddingVertical": 6,
            },
            Object {
              "borderColor": "rgb(230, 228, 235)",
            },
            Object {
              "paddingHorizontal": 6,
              "paddingVertical": 6,
            },
          ],
          Object {
            "backgroundColor": "yellow",
          },
          Array [
            undefined,
            undefined,
          ],
        ]
      }
      testID={undefined}
    >
      <Text
        accessible={true}
        allowFontScaling={false}
        ellipsizeMode="tail"
        style={
          Array [
            Object {
              "color": "rgb(82, 76, 97)",
              "fontFamily": "BpkIcon",
              "fontSize": 24,
              "includeFontPadding": false,
            },
            Object {
              "fontSize": 16,
            },
            Array [
              Array [
                Object {
                  "color": "rgb(255, 255, 255)",
                },
                Object {
                  "color": "rgb(0, 178, 214)",
                },
                undefined,
              ],
              Object {
                "color": "red",
              },
              Array [
                Object {
                  "marginStart": 4,
                },
                Object {
                  "marginStart": 0,
                },
              ],
            ],
          ]
        }
      >
        
      </Text>
    </View>
  </View>
  <Text
    accessible={true}
    allowFontScaling={true}
    ellipsizeMode="tail"
    style={
      Array [
        Object {
          "color": "rgb(82, 76, 97)",
          "fontFamily": "sans-serif",
          "fontSize": 20,
          "fontWeight": "400",
        },
        Object {
          "fontFamily": "sans-serif-medium",
        },
        Object {
          "minWidth": 24,
          "textAlign": "center",
        },
      ]
    }
  >
    3
  </Text>
  <View
    style={
      Array [
        Array [
          undefined,
          undefined,
        ],
        Object {
          "marginLeft": 4,
        },
      ]
    }
  >
    <View
      accessibilityComponentType="button"
      accessibilityLabel="Increase"
      accessibilityTraits={
        Array [
          "button",
        ]
      }
      accessible={true}
      hasTVPreferredFocus={undefined}
      hitSlop={undefined}
      isTVSelectable={true}
      nativeBackgroundAndroid={
        Object {
          "attribute": "selectableItemBackgroundBorderless",
          "type": "ThemeAttrAndroid",
        }
      }
      onLayout={undefined}
      onResponderGrant={[Function]}
      onResponderMove={[Function]}
      onResponderRelease={[Function]}
      onResponderTerminate={[Function]}
      onResponderTerminationRequest={[Function]}
      onStartShouldSetResponder={[Function]}
      style={
        Array [
          Array [
            Object {
              "alignItems": "center",
              "borderColor": "transparent",
              "borderRadius": 40,
              "borderWidth": 2,
              "flexDirection": "row",
              "justifyContent": "center",
              "paddingHorizontal": 10,
              "paddingVertical": 6,
            },
            Object {
              "borderColor": "rgb(230, 228, 235)",
            },
            Object {
              "paddingHorizontal": 6,
              "paddingVertical": 6,
            },
          ],
          Object {
            "backgroundColor": "yellow",
          },
          Array [
            undefined,
            undefined,
          ],
        ]
      }
      testID={undefined}
    >
      <Text
        accessible={true}
        allowFontScaling={false}
        ellipsizeMode="tail"
        style={
          Array [
            Object {
              "color": "rgb(82, 76, 97)",
              "fontFamily": "BpkIcon",
              "fontSize": 24,
              "includeFontPadding": false,
            },
            Object {
              "fontSize": 16,
            },
            Array [
              Array [
                Object {
                  "color": "rgb(255, 255, 255)",
                },
                Object {
                  "color": "rgb(0, 178, 214)",
                },
                undefined,
              ],
              Object {
                "color": "red",
              },
              Array [
                Object {
                  "marginStart": 4,
                },
                Object {
                  "marginStart": 0,
                },
              ],
            ],
          ]
        }
      >
        
      </Text>
    </View>
  </View>
</View>
`;
