exports[`BpkModalScrim should render correctly 1`] = `
<div
  className="bpk-modal-scrim" />
`;
