exports[`BpkPopoverPortal should render correctly 1`] = `
<div>
  target
</div>
`;
