exports[`BpkContentContainer should render correctly 1`] = `
<div
  className="bpk-content-container">
  <h1>
    Heading
  </h1>
  <p>
    My paragraph.
  </p>
  <ul>
    <li>
      Item 1
    </li>
    <li>
      Item 2
    </li>
    <li>
      Item 3
    </li>
  </ul>
</div>
`;
