exports[`BpkTable should render correctly 1`] = `
<table
  className="bpk-table">
  <tbody />
</table>
`;
