exports[`BpkTableHead should render correctly 1`] = `
<thead>
  <th />
</thead>
`;
