exports[`toPortalChild should omit "closePortal" prop from being applied to composed component 1`] = `
<button>
  test
</button>
`;
