// Jest Snapshot v1, https://goo.gl/fbAQLP

exports[`EnhancedComponent should render correctly 1`] = `
<div
  theme={null}
/>
`;
